Flow report for lab6
Tue Dec 16 23:17:53 2025
Quartus Prime Version 19.1.0 Build 670 09/22/2019 SJ Lite Edition


---------------------
; Table of Contents ;
---------------------
  1. Legal Notice
  2. Flow Summary
  3. Flow Settings
  4. Flow Non-Default Global Settings
  5. Flow Elapsed Time
  6. Flow OS Summary
  7. Flow Log
  8. Flow Messages
  9. Flow Suppressed Messages



----------------
; Legal Notice ;
----------------
Copyright (C) 2019  Intel Corporation. All rights reserved.
Your use of Intel Corporation's design tools, logic functions 
and other software and tools, and any partner logic 
functions, and any output files from any of the foregoing 
(including device programming or simulation files), and any 
associated documentation or information are expressly subject 
to the terms and conditions of the Intel Program License 
Subscription Agreement, the Intel Quartus Prime License Agreement,
the Intel FPGA IP License Agreement, or other applicable license
agreement, including, without limitation, that your use is for
the sole purpose of programming logic devices manufactured by
Intel and sold by Intel or its authorized distributors.  Please
refer to the applicable agreement for further details, at
https://fpgasoftware.intel.com/eula.



+-------------------------------------------------------------------------------+
; Flow Summary                                                                  ;
+---------------------------------+---------------------------------------------+
; Flow Status                     ; Successful - Tue Dec 16 23:17:53 2025       ;
; Quartus Prime Version           ; 19.1.0 Build 670 09/22/2019 SJ Lite Edition ;
; Revision Name                   ; lab6                                        ;
; Top-level Entity Name           ; assignment4_lab6                            ;
; Family                          ; Cyclone V                                   ;
; Device                          ; 5CEBA2F23C7                                 ;
; Timing Models                   ; Final                                       ;
; Logic utilization (in ALMs)     ; 6 / 9,430 ( < 1 % )                         ;
; Total registers                 ; 20                                          ;
; Total pins                      ; 47 / 224 ( 21 % )                           ;
; Total virtual pins              ; 0                                           ;
; Total block memory bits         ; 0 / 1,802,240 ( 0 % )                       ;
; Total DSP Blocks                ; 0 / 25 ( 0 % )                              ;
; Total HSSI RX PCSs              ; 0                                           ;
; Total HSSI PMA RX Deserializers ; 0                                           ;
; Total HSSI TX PCSs              ; 0                                           ;
; Total HSSI PMA TX Serializers   ; 0                                           ;
; Total PLLs                      ; 0 / 4 ( 0 % )                               ;
; Total DLLs                      ; 0 / 4 ( 0 % )                               ;
+---------------------------------+---------------------------------------------+


+-----------------------------------------+
; Flow Settings                           ;
+-------------------+---------------------+
; Option            ; Setting             ;
+-------------------+---------------------+
; Start date & time ; 12/16/2025 23:14:50 ;
; Main task         ; Compilation         ;
; Revision Name     ; lab6                ;
+-------------------+---------------------+


+------------------------------------------------------------------------------------------------------------------------------+
; Flow Non-Default Global Settings                                                                                             ;
+-------------------------------------+----------------------------------------+---------------+------------------+------------+
; Assignment Name                     ; Value                                  ; Default Value ; Entity Name      ; Section Id ;
+-------------------------------------+----------------------------------------+---------------+------------------+------------+
; COMPILER_SIGNATURE_ID               ; 173927346001533.176590169027792        ; --            ; --               ; --         ;
; MAX_CORE_JUNCTION_TEMP              ; 85                                     ; --            ; --               ; --         ;
; MIN_CORE_JUNCTION_TEMP              ; 0                                      ; --            ; --               ; --         ;
; MISC_FILE                           ; RAM256_.bsf                            ; --            ; --               ; --         ;
; MISC_FILE                           ; RAM256__bb.v                           ; --            ; --               ; --         ;
; PARTITION_COLOR                     ; -- (Not supported for targeted family) ; --            ; assignment4_lab6 ; Top        ;
; PARTITION_FITTER_PRESERVATION_LEVEL ; -- (Not supported for targeted family) ; --            ; assignment4_lab6 ; Top        ;
; PARTITION_NETLIST_TYPE              ; -- (Not supported for targeted family) ; --            ; assignment4_lab6 ; Top        ;
; POWER_BOARD_THERMAL_MODEL           ; None (CONSERVATIVE)                    ; --            ; --               ; --         ;
; POWER_PRESET_COOLING_SOLUTION       ; 23 MM HEAT SINK WITH 200 LFPM AIRFLOW  ; --            ; --               ; --         ;
; PROJECT_OUTPUT_DIRECTORY            ; output_files                           ; --            ; --               ; --         ;
; TOP_LEVEL_ENTITY                    ; assignment4_lab6                       ; lab6          ; --               ; --         ;
+-------------------------------------+----------------------------------------+---------------+------------------+------------+


+--------------------------------------------------------------------------------------------------------------------------+
; Flow Elapsed Time                                                                                                        ;
+----------------------+--------------+-------------------------+---------------------+------------------------------------+
; Module Name          ; Elapsed Time ; Average Processors Used ; Peak Virtual Memory ; Total CPU Time (on all processors) ;
+----------------------+--------------+-------------------------+---------------------+------------------------------------+
; Analysis & Synthesis ; 00:00:08     ; 1.0                     ; 4838 MB             ; 00:00:16                           ;
; Fitter               ; 00:00:25     ; 1.0                     ; 7006 MB             ; 00:01:31                           ;
; Assembler            ; 00:00:04     ; 1.0                     ; 4824 MB             ; 00:00:04                           ;
; Timing Analyzer      ; 00:00:06     ; 1.1                     ; 5147 MB             ; 00:00:06                           ;
; EDA Netlist Writer   ; 00:00:00     ; 1.0                     ; 4713 MB             ; 00:00:01                           ;
; EDA Netlist Writer   ; 00:00:01     ; 1.0                     ; 4722 MB             ; 00:00:01                           ;
; Total                ; 00:00:44     ; --                      ; --                  ; 00:01:59                           ;
+----------------------+--------------+-------------------------+---------------------+------------------------------------+


+------------------------------------------------------------------------------------+
; Flow OS Summary                                                                    ;
+----------------------+------------------+------------+------------+----------------+
; Module Name          ; Machine Hostname ; OS Name    ; OS Version ; Processor type ;
+----------------------+------------------+------------+------------+----------------+
; Analysis & Synthesis ; LAPTOP-3I769151  ; Windows 10 ; 10.0       ; x86_64         ;
; Fitter               ; LAPTOP-3I769151  ; Windows 10 ; 10.0       ; x86_64         ;
; Assembler            ; LAPTOP-3I769151  ; Windows 10 ; 10.0       ; x86_64         ;
; Timing Analyzer      ; LAPTOP-3I769151  ; Windows 10 ; 10.0       ; x86_64         ;
; EDA Netlist Writer   ; LAPTOP-3I769151  ; Windows 10 ; 10.0       ; x86_64         ;
; EDA Netlist Writer   ; LAPTOP-3I769151  ; Windows 10 ; 10.0       ; x86_64         ;
+----------------------+------------------+------------+------------+----------------+


------------
; Flow Log ;
------------
quartus_map --read_settings_files=on --write_settings_files=off lab6 -c lab6
quartus_fit --read_settings_files=off --write_settings_files=off lab6 -c lab6
quartus_asm --read_settings_files=off --write_settings_files=off lab6 -c lab6
quartus_sta lab6 -c lab6
quartus_eda --gen_testbench --tool=modelsim_oem --format=verilog --write_settings_files=off lab6 -c lab6 --vector_source=D:/CSE206/lab6/bai4.vwf --testbench_file=D:/CSE206/lab6/simulation/qsim/bai4.vwf.vt
quartus_eda --write_settings_files=off --simulation=on --functional=on --flatten_buses=off --tool=modelsim_oem --format=verilog --output_directory=D:/CSE206/lab6/simulation/qsim/ lab6 -c lab6



