Analysis & Synthesis report for lab6
Tue Dec 16 23:14:57 2025
Quartus Prime Version 19.1.0 Build 670 09/22/2019 SJ Lite Edition


---------------------
; Table of Contents ;
---------------------
  1. Legal Notice
  2. Analysis & Synthesis Summary
  3. Analysis & Synthesis Settings
  4. Parallel Compilation
  5. Analysis & Synthesis Source Files Read
  6. Analysis & Synthesis Resource Usage Summary
  7. Analysis & Synthesis Resource Utilization by Entity
  8. General Register Statistics
  9. Post-Synthesis Netlist Statistics for Top Partition
 10. Elapsed Time Per Partition
 11. Analysis & Synthesis Messages



----------------
; Legal Notice ;
----------------
Copyright (C) 2019  Intel Corporation. All rights reserved.
Your use of Intel Corporation's design tools, logic functions 
and other software and tools, and any partner logic 
functions, and any output files from any of the foregoing 
(including device programming or simulation files), and any 
associated documentation or information are expressly subject 
to the terms and conditions of the Intel Program License 
Subscription Agreement, the Intel Quartus Prime License Agreement,
the Intel FPGA IP License Agreement, or other applicable license
agreement, including, without limitation, that your use is for
the sole purpose of programming logic devices manufactured by
Intel and sold by Intel or its authorized distributors.  Please
refer to the applicable agreement for further details, at
https://fpgasoftware.intel.com/eula.



+-------------------------------------------------------------------------------+
; Analysis & Synthesis Summary                                                  ;
+---------------------------------+---------------------------------------------+
; Analysis & Synthesis Status     ; Successful - Tue Dec 16 23:14:57 2025       ;
; Quartus Prime Version           ; 19.1.0 Build 670 09/22/2019 SJ Lite Edition ;
; Revision Name                   ; lab6                                        ;
; Top-level Entity Name           ; assignment4_lab6                            ;
; Family                          ; Cyclone V                                   ;
; Logic utilization (in ALMs)     ; N/A                                         ;
; Total registers                 ; 20                                          ;
; Total pins                      ; 47                                          ;
; Total virtual pins              ; 0                                           ;
; Total block memory bits         ; 0                                           ;
; Total DSP Blocks                ; 0                                           ;
; Total HSSI RX PCSs              ; 0                                           ;
; Total HSSI PMA RX Deserializers ; 0                                           ;
; Total HSSI TX PCSs              ; 0                                           ;
; Total HSSI PMA TX Serializers   ; 0                                           ;
; Total PLLs                      ; 0                                           ;
; Total DLLs                      ; 0                                           ;
+---------------------------------+---------------------------------------------+


+---------------------------------------------------------------------------------------------------------------------------+
; Analysis & Synthesis Settings                                                                                             ;
+---------------------------------------------------------------------------------+--------------------+--------------------+
; Option                                                                          ; Setting            ; Default Value      ;
+---------------------------------------------------------------------------------+--------------------+--------------------+
; Device                                                                          ; 5CEBA2F23C7        ;                    ;
; Top-level entity name                                                           ; assignment4_lab6   ; lab6               ;
; Family name                                                                     ; Cyclone V          ; Cyclone V          ;
; Use smart compilation                                                           ; Off                ; Off                ;
; Enable parallel Assembler and Timing Analyzer during compilation                ; On                 ; On                 ;
; Enable compact report table                                                     ; Off                ; Off                ;
; Restructure Multiplexers                                                        ; Auto               ; Auto               ;
; MLAB Add Timing Constraints For Mixed-Port Feed-Through Mode Setting Don't Care ; Off                ; Off                ;
; Create Debugging Nodes for IP Cores                                             ; Off                ; Off                ;
; Preserve fewer node names                                                       ; On                 ; On                 ;
; Intel FPGA IP Evaluation Mode                                                   ; Enable             ; Enable             ;
; Verilog Version                                                                 ; Verilog_2001       ; Verilog_2001       ;
; VHDL Version                                                                    ; VHDL_1993          ; VHDL_1993          ;
; State Machine Processing                                                        ; Auto               ; Auto               ;
; Safe State Machine                                                              ; Off                ; Off                ;
; Extract Verilog State Machines                                                  ; On                 ; On                 ;
; Extract VHDL State Machines                                                     ; On                 ; On                 ;
; Ignore Verilog initial constructs                                               ; Off                ; Off                ;
; Iteration limit for constant Verilog loops                                      ; 5000               ; 5000               ;
; Iteration limit for non-constant Verilog loops                                  ; 250                ; 250                ;
; Add Pass-Through Logic to Inferred RAMs                                         ; On                 ; On                 ;
; Infer RAMs from Raw Logic                                                       ; On                 ; On                 ;
; Parallel Synthesis                                                              ; On                 ; On                 ;
; DSP Block Balancing                                                             ; Auto               ; Auto               ;
; NOT Gate Push-Back                                                              ; On                 ; On                 ;
; Power-Up Don't Care                                                             ; On                 ; On                 ;
; Remove Redundant Logic Cells                                                    ; Off                ; Off                ;
; Remove Duplicate Registers                                                      ; On                 ; On                 ;
; Ignore CARRY Buffers                                                            ; Off                ; Off                ;
; Ignore CASCADE Buffers                                                          ; Off                ; Off                ;
; Ignore GLOBAL Buffers                                                           ; Off                ; Off                ;
; Ignore ROW GLOBAL Buffers                                                       ; Off                ; Off                ;
; Ignore LCELL Buffers                                                            ; Off                ; Off                ;
; Ignore SOFT Buffers                                                             ; On                 ; On                 ;
; Limit AHDL Integers to 32 Bits                                                  ; Off                ; Off                ;
; Optimization Technique                                                          ; Balanced           ; Balanced           ;
; Carry Chain Length                                                              ; 70                 ; 70                 ;
; Auto Carry Chains                                                               ; On                 ; On                 ;
; Auto Open-Drain Pins                                                            ; On                 ; On                 ;
; Perform WYSIWYG Primitive Resynthesis                                           ; Off                ; Off                ;
; Auto ROM Replacement                                                            ; On                 ; On                 ;
; Auto RAM Replacement                                                            ; On                 ; On                 ;
; Auto DSP Block Replacement                                                      ; On                 ; On                 ;
; Auto Shift Register Replacement                                                 ; Auto               ; Auto               ;
; Allow Shift Register Merging across Hierarchies                                 ; Auto               ; Auto               ;
; Auto Clock Enable Replacement                                                   ; On                 ; On                 ;
; Strict RAM Replacement                                                          ; Off                ; Off                ;
; Allow Synchronous Control Signals                                               ; On                 ; On                 ;
; Force Use of Synchronous Clear Signals                                          ; Off                ; Off                ;
; Auto Resource Sharing                                                           ; Off                ; Off                ;
; Allow Any RAM Size For Recognition                                              ; Off                ; Off                ;
; Allow Any ROM Size For Recognition                                              ; Off                ; Off                ;
; Allow Any Shift Register Size For Recognition                                   ; Off                ; Off                ;
; Use LogicLock Constraints during Resource Balancing                             ; On                 ; On                 ;
; Ignore translate_off and synthesis_off directives                               ; Off                ; Off                ;
; Timing-Driven Synthesis                                                         ; On                 ; On                 ;
; Report Parameter Settings                                                       ; On                 ; On                 ;
; Report Source Assignments                                                       ; On                 ; On                 ;
; Report Connectivity Checks                                                      ; On                 ; On                 ;
; Ignore Maximum Fan-Out Assignments                                              ; Off                ; Off                ;
; Synchronization Register Chain Length                                           ; 3                  ; 3                  ;
; Power Optimization During Synthesis                                             ; Normal compilation ; Normal compilation ;
; HDL message level                                                               ; Level2             ; Level2             ;
; Suppress Register Optimization Related Messages                                 ; Off                ; Off                ;
; Number of Removed Registers Reported in Synthesis Report                        ; 5000               ; 5000               ;
; Number of Swept Nodes Reported in Synthesis Report                              ; 5000               ; 5000               ;
; Number of Inverted Registers Reported in Synthesis Report                       ; 100                ; 100                ;
; Clock MUX Protection                                                            ; On                 ; On                 ;
; Auto Gated Clock Conversion                                                     ; Off                ; Off                ;
; Block Design Naming                                                             ; Auto               ; Auto               ;
; SDC constraint protection                                                       ; Off                ; Off                ;
; Synthesis Effort                                                                ; Auto               ; Auto               ;
; Shift Register Replacement - Allow Asynchronous Clear Signal                    ; On                 ; On                 ;
; Pre-Mapping Resynthesis Optimization                                            ; Off                ; Off                ;
; Analysis & Synthesis Message Level                                              ; Medium             ; Medium             ;
; Disable Register Merging Across Hierarchies                                     ; Auto               ; Auto               ;
; Resource Aware Inference For Block RAM                                          ; On                 ; On                 ;
; Automatic Parallel Synthesis                                                    ; On                 ; On                 ;
; Partial Reconfiguration Bitstream ID                                            ; Off                ; Off                ;
+---------------------------------------------------------------------------------+--------------------+--------------------+


+------------------------------------------+
; Parallel Compilation                     ;
+----------------------------+-------------+
; Processors                 ; Number      ;
+----------------------------+-------------+
; Number detected on machine ; 12          ;
; Maximum allowed            ; 12          ;
;                            ;             ;
; Average used               ; 1.00        ;
; Maximum used               ; 1           ;
;                            ;             ;
; Usage by Processor         ; % Time Used ;
;     Processor 1            ; 100.0%      ;
+----------------------------+-------------+


+-----------------------------------------------------------------------------------------------------------------------------------------+
; Analysis & Synthesis Source Files Read                                                                                                  ;
+----------------------------------+-----------------+------------------------------------+-------------------------------------+---------+
; File Name with User-Entered Path ; Used in Netlist ; File Type                          ; File Name with Absolute Path        ; Library ;
+----------------------------------+-----------------+------------------------------------+-------------------------------------+---------+
; assignment8.bdf                  ; yes             ; User Block Diagram/Schematic File  ; D:/CSE206/lab6/assignment8.bdf      ;         ;
; assignment4_lab6.bdf             ; yes             ; User Block Diagram/Schematic File  ; D:/CSE206/lab6/assignment4_lab6.bdf ;         ;
+----------------------------------+-----------------+------------------------------------+-------------------------------------+---------+


+---------------------------------------------------------------+
; Analysis & Synthesis Resource Usage Summary                   ;
+---------------------------------------------+-----------------+
; Resource                                    ; Usage           ;
+---------------------------------------------+-----------------+
; Estimate of Logic utilization (ALMs needed) ; 10              ;
;                                             ;                 ;
; Combinational ALUT usage for logic          ; 0               ;
;     -- 7 input functions                    ; 0               ;
;     -- 6 input functions                    ; 0               ;
;     -- 5 input functions                    ; 0               ;
;     -- 4 input functions                    ; 0               ;
;     -- <=3 input functions                  ; 0               ;
;                                             ;                 ;
; Dedicated logic registers                   ; 20              ;
;                                             ;                 ;
; I/O pins                                    ; 47              ;
;                                             ;                 ;
; Total DSP Blocks                            ; 0               ;
;                                             ;                 ;
; Maximum fan-out node                        ; VDT_Clock~input ;
; Maximum fan-out                             ; 20              ;
; Total fan-out                               ; 147             ;
; Average fan-out                             ; 1.29            ;
+---------------------------------------------+-----------------+


+-------------------------------------------------------------------------------------------------------------------------------------------------------------------------------------------------------------+
; Analysis & Synthesis Resource Utilization by Entity                                                                                                                                                         ;
+----------------------------+---------------------+---------------------------+-------------------+------------+------+--------------+-------------------------------------+------------------+--------------+
; Compilation Hierarchy Node ; Combinational ALUTs ; Dedicated Logic Registers ; Block Memory Bits ; DSP Blocks ; Pins ; Virtual Pins ; Full Hierarchy Name                 ; Entity Name      ; Library Name ;
+----------------------------+---------------------+---------------------------+-------------------+------------+------+--------------+-------------------------------------+------------------+--------------+
; |assignment4_lab6          ; 0 (0)               ; 20 (0)                    ; 0                 ; 0          ; 47   ; 0            ; |assignment4_lab6                   ; assignment4_lab6 ; work         ;
;    |assignment8:inst1|     ; 0 (0)               ; 6 (6)                     ; 0                 ; 0          ; 0    ; 0            ; |assignment4_lab6|assignment8:inst1 ; assignment8      ; work         ;
;    |assignment8:inst2|     ; 0 (0)               ; 8 (8)                     ; 0                 ; 0          ; 0    ; 0            ; |assignment4_lab6|assignment8:inst2 ; assignment8      ; work         ;
;    |assignment8:inst|      ; 0 (0)               ; 6 (6)                     ; 0                 ; 0          ; 0    ; 0            ; |assignment4_lab6|assignment8:inst  ; assignment8      ; work         ;
+----------------------------+---------------------+---------------------------+-------------------+------------+------+--------------+-------------------------------------+------------------+--------------+
Note: For table entries with two numbers listed, the numbers in parentheses indicate the number of resources of the given type used by the specific entity alone. The numbers listed outside of parentheses indicate the total resources of the given type used by the specific entity and all of its sub-entities in the hierarchy.


+------------------------------------------------------+
; General Register Statistics                          ;
+----------------------------------------------+-------+
; Statistic                                    ; Value ;
+----------------------------------------------+-------+
; Total registers                              ; 20    ;
; Number of registers using Synchronous Clear  ; 0     ;
; Number of registers using Synchronous Load   ; 0     ;
; Number of registers using Asynchronous Clear ; 20    ;
; Number of registers using Asynchronous Load  ; 0     ;
; Number of registers using Clock Enable       ; 20    ;
; Number of registers using Preset             ; 0     ;
+----------------------------------------------+-------+


+-----------------------------------------------------+
; Post-Synthesis Netlist Statistics for Top Partition ;
+-------------------+---------------------------------+
; Type              ; Count                           ;
+-------------------+---------------------------------+
; arriav_ff         ; 20                              ;
;     ENA CLR       ; 20                              ;
; boundary_port     ; 47                              ;
;                   ;                                 ;
; Max LUT depth     ; 0.00                            ;
; Average LUT depth ; 0.00                            ;
+-------------------+---------------------------------+


+-------------------------------+
; Elapsed Time Per Partition    ;
+----------------+--------------+
; Partition Name ; Elapsed Time ;
+----------------+--------------+
; Top            ; 00:00:00     ;
+----------------+--------------+


+-------------------------------+
; Analysis & Synthesis Messages ;
+-------------------------------+
Info: *******************************************************************
Info: Running Quartus Prime Analysis & Synthesis
    Info: Version 19.1.0 Build 670 09/22/2019 SJ Lite Edition
    Info: Processing started: Tue Dec 16 23:14:49 2025
Info: Command: quartus_map --read_settings_files=on --write_settings_files=off lab6 -c lab6
Warning (18236): Number of processors has not been specified which may cause overloading on shared machines.  Set the global assignment NUM_PARALLEL_PROCESSORS in your QSF to an appropriate value for best performance.
Info (20030): Parallel compilation is enabled and will use 12 of the 12 processors detected
Info (12021): Found 1 design units, including 1 entities, in source file assignment2.bdf
    Info (12023): Found entity 1: assignment2
Info (12021): Found 1 design units, including 1 entities, in source file assignment4.bdf
    Info (12023): Found entity 1: assignment4
Info (12021): Found 1 design units, including 1 entities, in source file assignment5.bdf
    Info (12023): Found entity 1: assignment5
Info (12021): Found 1 design units, including 1 entities, in source file full_adder.bdf
    Info (12023): Found entity 1: full_adder
Info (12021): Found 1 design units, including 1 entities, in source file assignment8.bdf
    Info (12023): Found entity 1: assignment8
Info (12021): Found 1 design units, including 1 entities, in source file 8_bit_adder.bdf
    Info (12023): Found entity 1: 8_bit_adder
Info (12021): Found 1 design units, including 1 entities, in source file ram256_.v
    Info (12023): Found entity 1: RAM256_ File: D:/CSE206/lab6/RAM256_.v Line: 40
Info (12021): Found 1 design units, including 1 entities, in source file assignment3_lab6.bdf
    Info (12023): Found entity 1: assignment3_lab6
Info (12021): Found 1 design units, including 1 entities, in source file assignment4_lab6.bdf
    Info (12023): Found entity 1: assignment4_lab6
Info (12127): Elaborating entity "assignment4_lab6" for the top level hierarchy
Warning (275083): Bus "Q1[7..0]" found using same base name as "Q", which might lead to a name conflict.
Warning (275083): Bus "Q2[6..4]" found using same base name as "Q", which might lead to a name conflict.
Warning (275083): Bus "Q2[2..0]" found using same base name as "Q", which might lead to a name conflict.
Warning (275083): Bus "Q2[7..0]" found using same base name as "Q", which might lead to a name conflict.
Warning (275083): Bus "Q1[2..0]" found using same base name as "Q", which might lead to a name conflict.
Warning (275083): Bus "Q1[6..4]" found using same base name as "Q", which might lead to a name conflict.
Warning (275083): Bus "Q2[7..0]" found using same base name as "Q", which might lead to a name conflict.
Warning (275083): Bus "Q1[7..0]" found using same base name as "Q", which might lead to a name conflict.
Warning (275080): Converted elements in bus name "Q" using legacy naming rules. Make any assignments on the new names, not on the original names.
    Warning (275081): Converted element name(s) from "Q[7..0]" to "Q7..0"
Warning (275080): Converted elements in bus name "Q1" using legacy naming rules. Make any assignments on the new names, not on the original names.
    Warning (275081): Converted element name(s) from "Q1[7..0]" to "Q17..0"
    Warning (275081): Converted element name(s) from "Q1[2..0]" to "Q12..0"
    Warning (275081): Converted element name(s) from "Q1[6..4]" to "Q16..4"
    Warning (275081): Converted element name(s) from "Q1[7..0]" to "Q17..0"
Warning (275080): Converted elements in bus name "Q2" using legacy naming rules. Make any assignments on the new names, not on the original names.
    Warning (275081): Converted element name(s) from "Q2[6..4]" to "Q26..4"
    Warning (275081): Converted element name(s) from "Q2[2..0]" to "Q22..0"
    Warning (275081): Converted element name(s) from "Q2[7..0]" to "Q27..0"
    Warning (275081): Converted element name(s) from "Q2[7..0]" to "Q27..0"
Info (12128): Elaborating entity "assignment8" for hierarchy "assignment8:inst"
Info (286030): Timing-Driven Synthesis is running
Info (16010): Generating hard_block partition "hard_block:auto_generated_inst"
    Info (16011): Adding 0 node(s), including 0 DDIO, 0 PLL, 0 transceiver and 0 LCELL
Warning (21074): Design contains 4 input pin(s) that do not drive logic
    Warning (15610): No output dependent on input pin "VDT_Data[23]"
    Warning (15610): No output dependent on input pin "VDT_Data[19]"
    Warning (15610): No output dependent on input pin "VDT_Data[15]"
    Warning (15610): No output dependent on input pin "VDT_Data[11]"
Info (21057): Implemented 67 device resources after synthesis - the final resource count might be different
    Info (21058): Implemented 27 input pins
    Info (21059): Implemented 20 output pins
    Info (21061): Implemented 20 logic cells
Info: Quartus Prime Analysis & Synthesis was successful. 0 errors, 26 warnings
    Info: Peak virtual memory: 4838 megabytes
    Info: Processing ended: Tue Dec 16 23:14:57 2025
    Info: Elapsed time: 00:00:08
    Info: Total CPU time (on all processors): 00:00:16


